Loading module Cryptol
Loading module Cryptol
Loading module Main

[error]
    Overlapping symbols defined:
    (at EnumShadowError.cry:1:12--1:13, Main::T)
    (at EnumShadowError.cry:3:1--3:2, Main::T)
