Loading module Cryptol
Loading module Cryptol
Loading module Main

[error] Invalid self dependency:
    â€¢ type Main::List, defined at 1:6--1:10
