Loading module Cryptol
Loading module Cryptol
Loading module binarytree

[error] Invalid self dependency:
    â€¢ type binarytree::Tree, defined at 3:9--3:13
