Loading module Cryptol
Loading module Cryptol
Loading module Main
[warning] at issue1024a.cry:1:13--1:14
    Unused name: f
[warning] at issue1024a.cry:2:15--2:16
    Unused name: f
[warning] at issue1024a.cry:4:15--4:20
    Unused name: i
[warning] at issue1024a.cry:4:22--4:32
    Unused name: f
[warning] at issue1024a.cry:4:34--4:39
    Unused name: g

[error] at issue1024a.cry:1:6--1:24:
  Illegal kind assigned to type variable: f`902
  Unexpected: # -> *
  where
  f`902 is signature variable 'f' at issue1024a.cry:1:13--1:14
[error] at issue1024a.cry:2:6--2:24:
  Illegal kind assigned to type variable: f`903
  Unexpected: Prop
  where
  f`903 is signature variable 'f' at issue1024a.cry:2:15--2:16
[error] at issue1024a.cry:4:13--4:49:
  Illegal kind assigned to type variable: f`905
  Unexpected: # -> *
  where
  f`905 is signature variable 'f' at issue1024a.cry:4:22--4:32
Loading module Cryptol
Loading module Main
0xffff
